// Jest Snapshot v1, https://goo.gl/fbAQLP

exports[`[OnDisconnect] update() should raise Error if value is not key-value paired object. 1`] = `"values must be key-value object"`;
